<section class='luxe-hero-scene'>
          <div class='luxe-hero-scene__lead'>
            
        <div class='luxe-hero' style='--hero-padding: 3.1rem 3.4rem; --hero-gradient: linear-gradient(135deg, rgba(59,130,246,0.28), rgba(14,165,233,0.08)); --hero-glow: rgba(96,165,250,0.45)'>
          <video class='luxe-hero__video' autoplay muted loop playsinline><source src='https://cdn.coverr.co/videos/coverr-into-the-blue-nebula-9071/1080p.mp4' type='video/mp4' /></video><div class='luxe-hero__veil'></div>
          <span class='luxe-hero__layer' style='top:8%;left:74%;--layer-size:4.8rem;--layer-speed:22s;'>üõ∞Ô∏è</span><span class='luxe-hero__layer' style='top:62%;left:80%;--layer-size:5.2rem;--layer-speed:28s;'>ü™ê</span><span class='luxe-hero__layer' style='top:20%;left:12%;--layer-size:3.2rem;--layer-speed:18s;'>‚ú®</span>
          <div class='luxe-hero__content'>
            <div class='luxe-hero__icon'>üõ∞Ô∏è</div>
            <h1>Rex-AI orquesta el reciclaje orbital y marciano</h1>
            <p>Un loop aut√≥nomo que mezcla regolito MGS-1, pol√≠meros EVA y residuos de carga para fabricar piezas listas para misi√≥n. El copiloto gestiona riesgos, energ√≠a y trazabilidad sin perder contexto.</p>
            <div class='luxe-chip-row' style='--chip-padding: 0.38rem 0.9rem; --chip-size: 0.82rem'><span class='luxe-chip' data-tone='accent'><span>RandomForest multisalida</span></span><span class='luxe-chip' data-tone='info'><span>Comparadores: XGBoost / Tabular</span></span><span class='luxe-chip' data-tone='accent'><span>Bandas de confianza 95%</span></span><span class='luxe-chip' data-tone='info'><span>Telemetr√≠a NASA ¬∑ Crew safe</span></span></div>
          </div>
        </div>
        
            <p class='luxe-hero__tagline'>Sincroniz√° sensores, crew y modelo para reciclar basura orbital en hardware vital.</p>
          </div>
          <div class='briefing-grid'>
            <div class='briefing-video'><div class='briefing-fallback'>Simulaci√≥n orbital</div></div>
            <div class='briefing-cards'>
              
            <div class='briefing-card' style="--card-accent: #38bdf8;">
                <h3>Crew Ops + IA</h3>
                <p>La cabina recibe datos del inventario NASA, restricciones de crew-time y energ√≠a en tiempo real.</p>
            </div>
            
            <div class='briefing-card' style="--card-accent: #a855f7;">
                <h3>Trazabilidad total</h3>
                <p>Cada decisi√≥n enlaza features, flags de riesgo y la receta final exportable a ingenier√≠a.</p>
            </div>
            
            <div class='briefing-card' style="--card-accent: #f97316;">
                <h3>Seguridad primero</h3>
                <p>Bandas de confianza, monitoreo de toxicidad EVA y comparadores heur√≠sticos siempre visibles.</p>
            </div>
            
              <div class='briefing-stepper'>
                
            <div class='briefing-step' style="animation-delay: 0ms;">
                <span>1</span>
                <div>
                    <strong>Calibr√° el inventario</strong>
                    <small>Normaliz√° residuos, detect√° flags EVA y estructuras multi-layer.</small>
                </div>
            </div>
            
            <div class='briefing-step' style="animation-delay: 120ms;">
                <span>2</span>
                <div>
                    <strong>Seleccion√° objetivo</strong>
                    <small>Define l√≠mites de agua, energ√≠a y log√≠stica con presets marcianos.</small>
                </div>
            </div>
            
            <div class='briefing-step' style="animation-delay: 240ms;">
                <span>3</span>
                <div>
                    <strong>Gener√° y valida</strong>
                    <small>Rex-AI mezcla, explica contribuciones y exporta procesos listos para la tripulaci√≥n.</small>
                </div>
            </div>
            
            <div class='briefing-step' style="animation-delay: 360ms;">
                <span>4</span>
                <div>
                    <strong>Report√° y export√°</strong>
                    <small>Trade-offs, confianza 95% y comparativa heur√≠stica listos para ingenier√≠a.</small>
                </div>
            </div>
            
              </div>
            </div>
          </div>
        </section>
